// Jest Snapshot v1, https://goo.gl/fbAQLP

exports[`Chat Componenet working Renders as it did the first time! 1`] = `
<div
  className="ChatLog"
>
  <ul />
</div>
`;
