// Jest Snapshot v1, https://goo.gl/fbAQLP

exports[`Renders as it did the first time! 1`] = `
<div
  className="App"
>
  <div
    className="sidebar"
  >
    <div
      className="participentView"
    >
      <ul />
    </div>
    <div
      className="ChatLog"
    >
      <ul />
    </div>
  </div>
  <div
    className="video-box"
  >
    <div
      className="vid"
    >
      <ul />
    </div>
  </div>
</div>
`;
